cargo :     Checking wavebranch v0.1.0 
(D:\w_projects\WaveBranch)
At line:1 char:1
+ cargo check 2> errors.txt; cat errors.txt
+ ~~~~~~~~~~~~~~~~~~~~~~~~~
    + CategoryInfo          : NotSpecified: (    Checkin 
   g wa...cts\WaveBranch):String) [], RemoteException
    + FullyQualifiedErrorId : NativeCommandError
 
error[E0432]: unresolved import 
`crate::audio::reader::extract_pcm_from_wav_file`
 --> src\core\add.rs:6:5
  |
6 | use crate::audio::reader::extract_pcm_from_wav_file;
  |     ^^^^^^^^^^^^^^^^^^^^^^^^^^^^^^^^^^^^^^^^^^^^^^^ 
no `extract_pcm_from_wav_file` in `audio::reader`

error[E0432]: unresolved import 
`crate::core::types::Blob`
 --> src\core\add.rs:8:5
  |
8 | use crate::core::types::Blob;
  |     ^^^^^^^^^^^^^^^^^^^^^^^^ no `Blob` in 
`core::types`
  |
help: consider importing one of these items instead
  |
8 - use crate::core::types::Blob;
8 + use crate::core::object::Blob;
  |
8 | use crate::core::types::ObjectType::Blob;
  |                         ++++++++++++

error[E0308]: mismatched types
  --> src\core\index.rs:46:47
   |
46 |         .map_err(|e| 
WaveBranchError::IoError(format!("Failed to read index 
file: {}", e)))?;
   |                                               
^^^^^^^^^^^^^^^^^^^^^^^^^^^^^^^^^^^^^^^^^^^ expected 
`Error`, found `String`

error[E0308]: mismatched types
  --> src\core\index.rs:49:58
   |
49 |         .map_err(|e| 
WaveBranchError::SerializationError(format!("Failed to 
parse index JSON: {}", e)))?;
   |                                                     
     ^^^^^^^^^^^^^^^^^^^^^^^^^^^^^^^^^^^^^^^^^^^^ 
expected `Error`, found `String`

error[E0308]: mismatched types
  --> src\core\index.rs:59:58
   |
59 |         .map_err(|e| 
WaveBranchError::SerializationError(format!("Failed to 
serialize index: {}", e)))?;
   |                                                     
     ^^^^^^^^^^^^^^^^^^^^^^^^^^^^^^^^^^^^^^^^^^^ 
expected `Error`, found `String`

error[E0308]: mismatched types
  --> src\core\index.rs:62:47
   |
62 |         .map_err(|e| 
WaveBranchError::IoError(format!("Failed to write index 
file: {}", e)))?;
   |                                               
^^^^^^^^^^^^^^^^^^^^^^^^^^^^^^^^^^^^^^^^^^^^ expected 
`Error`, found `String`

error[E0308]: mismatched types
  --> src\core\add.rs:16:47
   |
16 |         .map_err(|e| 
WaveBranchError::IoError(format!("Failed to get current 
directory: {}", e)))?;
   |                                               
^^^^^^^^^^^^^^^^^^^^^^^^^^^^^^^^^^^^^^^^^^^^^^^^^ 
expected `Error`, found `String`

error[E0277]: the trait bound `std::io::Error: 
From<&str>` is not satisfied
  --> src\core\add.rs:71:79
   |
71 |             return 
Err(WaveBranchError::IoError("Not a WaveBranch 
repository".into()));
   |                                                     
                          ^^^^ the trait `From<&str>` is 
not implemented for `std::io::Error`
   |
   = help: the following other types implement trait 
`From<T>`:
             `std::io::Error` implements 
`From<CompressError>`
             `std::io::Error` implements 
`From<DecompressError>`
             `std::io::Error` implements 
`From<IntoInnerError<W>>`
             `std::io::Error` implements `From<NulError>`
             `std::io::Error` implements 
`From<TryReserveError>`
             `std::io::Error` implements 
`From<anstyle_wincon::windows::inner::IoError>`
             `std::io::Error` implements 
`From<serde_json::Error>`
             `std::io::Error` implements 
`From<std::fs::TryLockError>`
           and 2 others
   = note: required for `&str` to implement 
`Into<std::io::Error>`

Some errors have detailed explanations: E0277, E0308, 
E0432.
For more information about an error, try `rustc 
--explain E0277`.
error: could not compile `wavebranch` (bin "wave") due 
to 8 previous errors
